Level Goal
The credentials for the next level can be retrieved by submitting the password of the current level to a port on localhost in the range 31000 to 32000.
First find out which of these ports have a server listening on them. Then find out which of those speak SSL and which don’t. 
There is only 1 server that will give the next credentials, the others will simply send back to you whatever you send to it.

Commands you may need to solve this level
ssh, telnet, nc, openssl, s_client, nmap


[# Step 1]
>  ~ ssh bandit16@bandit.labs.overthewire.org -p 2220
This is a OverTheWire game server. More information on http://www.overthewire.org/wargames
bandit16@bandit.labs.overthewire.org's password:
cluFn7wTiGryunymYOu4RcffSxQluehd

[# Step 2]
bandit16@bandit:~$ nmap -p 31000-32000 localhost
Starting Nmap 7.40 ( https://nmap.org ) at 2020-06-23 03:46 CEST
Nmap scan report for localhost (127.0.0.1)
Host is up (0.00037s latency).
Not shown: 996 closed ports
PORT      STATE SERVICE
31046/tcp open  unknown
31518/tcp open  unknown
31691/tcp open  unknown
31790/tcp open  unknown
31960/tcp open  unknown
Nmap done: 1 IP address (1 host up) scanned in 0.09 seconds

[# Step 3]
bandit16@bandit:~$ cat /etc/bandit_pass/bandit16 | openssl s_client -connect localhost:31046 -quiet
139755547877440:error:141A10F4:SSL routines:ossl_statem_client_read_transition:unexpected message:../ssl/statem/statem_clnt.c:284:
[...]
bandit16@bandit:~$ cat /etc/bandit_pass/bandit16 | openssl s_client -connect localhost:31790 -quiet
depth=0 CN = localhost
verify error:num=18:self signed certificate
verify return:1
depth=0 CN = localhost
verify return:1
Correct!
-----BEGIN RSA PRIVATE KEY-----
MIIEogIBAAKCAQEAvmOkuifmMg6HL2YPIOjon6iWfbp7c3jx34YkYWqUH57SUdyJ
imZzeyGC0gtZPGujUSxiJSWI/oTqexh+cAMTSMlOJf7+BrJObArnxd9Y7YT2bRPQ
Ja6Lzb558YW3FZl87ORiO+rW4LCDCNd2lUvLE/GL2GWyuKN0K5iCd5TbtJzEkQTu
DSt2mcNn4rhAL+JFr56o4T6z8WWAW18BR6yGrMq7Q/kALHYW3OekePQAzL0VUYbW
JGTi65CxbCnzc/w4+mqQyvmzpWtMAzJTzAzQxNbkR2MBGySxDLrjg0LWN6sK7wNX
x0YVztz/zbIkPjfkU1jHS+9EbVNj+D1XFOJuaQIDAQABAoIBABagpxpM1aoLWfvD
KHcj10nqcoBc4oE11aFYQwik7xfW+24pRNuDE6SFthOar69jp5RlLwD1NhPx3iBl
J9nOM8OJ0VToum43UOS8YxF8WwhXriYGnc1sskbwpXOUDc9uX4+UESzH22P29ovd
d8WErY0gPxun8pbJLmxkAtWNhpMvfe0050vk9TL5wqbu9AlbssgTcCXkMQnPw9nC
YNN6DDP2lbcBrvgT9YCNL6C+ZKufD52yOQ9qOkwFTEQpjtF4uNtJom+asvlpmS8A
vLY9r60wYSvmZhNqBUrj7lyCtXMIu1kkd4w7F77k+DjHoAXyxcUp1DGL51sOmama
+TOWWgECgYEA8JtPxP0GRJ+IQkX262jM3dEIkza8ky5moIwUqYdsx0NxHgRRhORT
8c8hAuRBb2G82so8vUHk/fur85OEfc9TncnCY2crpoqsghifKLxrLgtT+qDpfZnx
SatLdt8GfQ85yA7hnWWJ2MxF3NaeSDm75Lsm+tBbAiyc9P2jGRNtMSkCgYEAypHd
HCctNi/FwjulhttFx/rHYKhLidZDFYeiE/v45bN4yFm8x7R/b0iE7KaszX+Exdvt
SghaTdcG0Knyw1bpJVyusavPzpaJMjdJ6tcFhVAbAjm7enCIvGCSx+X3l5SiWg0A
R57hJglezIiVjv3aGwHwvlZvtszK6zV6oXFAu0ECgYAbjo46T4hyP5tJi93V5HDi
Ttiek7xRVxUl+iU7rWkGAXFpMLFteQEsRr7PJ/lemmEY5eTDAFMLy9FL2m9oQWCg
R8VdwSk8r9FGLS+9aKcV5PI/WEKlwgXinB3OhYimtiG2Cg5JCqIZFHxD6MjEGOiu
L8ktHMPvodBwNsSBULpG0QKBgBAplTfC1HOnWiMGOU3KPwYWt0O6CdTkmJOmL8Ni
blh9elyZ9FsGxsgtRBXRsqXuz7wtsQAgLHxbdLq/ZJQ7YfzOKU4ZxEnabvXnvWkU
YOdjHdSOoKvDQNWu6ucyLRAWFuISeXw9a/9p7ftpxm0TSgyvmfLF2MIAEwyzRqaM
77pBAoGAMmjmIJdjp+Ez8duyn3ieo36yrttF5NSsJLAbxFpdlc1gvtGCWW+9Cq0b
dxviW8+TFVEBl1O4f7HVm6EpTscdDxU+bCXWkfjuRb7Dy9GOtt9JPsX8MBTakzh3
vBgsyi/sN3RqRBcGU40fOoZyfAMT8s1m/uYv52O6IgeuZ/ujbjY=
-----END RSA PRIVATE KEY-----

[# Step 4]
bandit16@bandit:~$ rm -rf /tmp/name123
bandit16@bandit:~$ mkdir /tmp/name123
bandit16@bandit:~$ cd /tmp/name123
bandit16@bandit:/tmp/name123$

[# Step 5]
bandit16@bandit:/tmp/name123$ vim sshkey.private



Inside Vim’s Editor:
The steps to store the private key are as follows:

Run vim sshkey.private to open Vim and create a new file named sshkey.private.
Press Enter.
Once in the text editor, press i to switch to insert mode.
Copy and paste the RSA private key.
Once done, press ESC to switch back to command mode.
Type :wq to save changes to file & quit Vim.




[# Step 5 (Continued)]
bandit16@bandit:/tmp/name123$ cat sshkey.private
-----BEGIN RSA PRIVATE KEY-----
MIIEogIBAAKCAQEAvmOkuifmMg6HL2YPIOjon6iWfbp7c3jx34YkYWqUH57SUdyJ
[...]
-----END RSA PRIVATE KEY-----

[# Step 6]
bandit16@bandit:/tmp/name123$ ssh -i sshkey.private bandit17@localhost
Could not create directory '/home/bandit16/.ssh'.
The authenticity of host 'localhost (127.0.0.1)' can't be established.
ECDSA key fingerprint is SHA256:98UL0ZWr85496EtCRkKlo20X3OPnyPSB5tB5RPbhczc.
Are you sure you want to continue connecting (yes/no)? yes
Failed to add the host to the list of known hosts (/home/bandit16/.ssh/known_hosts).
This is a OverTheWire game server. More information on http://www.overthewire.org/wargames
@@@@@@@@@@@@@@@@@@@@@@@@@@@@@@@@@@@@@@@@@@@@@@@@@@@@@@@@@@@
@         WARNING: UNPROTECTED PRIVATE KEY FILE!          @
@@@@@@@@@@@@@@@@@@@@@@@@@@@@@@@@@@@@@@@@@@@@@@@@@@@@@@@@@@@
Permissions 0644 for 'sshkey.private' are too open.
It is required that your private key files are NOT accessible by others.
This private key will be ignored.
Load key "sshkey.private": bad permissions
bandit17@localhost's password:
Authentication failed.
bandit16@bandit:/tmp/name123$ chmod 400 sshkey.private

[# Step 7]
bandit16@bandit:/tmp/name123$ ssh -i sshkey.private bandit17@localhost
Could not create directory '/home/bandit16/.ssh'.
The authenticity of host 'localhost (127.0.0.1)' can't be established.
ECDSA key fingerprint is SHA256:98UL0ZWr85496EtCRkKlo20X3OPnyPSB5tB5RPbhczc.
Are you sure you want to continue connecting (yes/no)? yes

[# Step 8]
bandit17@bandit:~$ cat /etc/bandit_pass/bandit17
xLYVMN9WE5zQ5vHacb0sZEVqbrp7nBTn

[# Step 9]
bandit17@bandit:~$ exit
logout
Connection to localhost closed.

